../Drivers/CMSIS/Include/core_cm4.h:2059:26:ITM_SendChar	16	static,ignoring_inline_asm
../Core/Inc/MODBUS_FUN.h:74:9:mmodbus_readCoils	32	static
../Core/Inc/MODBUS_FUN.h:107:9:mmodbus_readDiscreteInputs	32	static
../Core/Inc/MODBUS_FUN.h:141:9:mmodbus_readInputRegisters8i	32	static
../Core/Inc/MODBUS_FUN.h:176:9:mmodbus_readHoldingRegisters8i	32	static
../Core/Inc/MODBUS_FUN.h:218:9:mmodbus_writeCoil	24	static
../Core/Inc/MODBUS_FUN.h:247:9:mmodbus_writeHoldingRegister16i	24	static
../Core/Inc/MODBUS_FUN.h:274:10:mmodbus_writeHoldingRegisters16i	72	dynamic
../Core/Inc/MODBUS_FUN.h:395:10:CRC16	24	static
../Core/Inc/MODBUS_FUN.h:415:6:TX_FUN	16	static
../Core/Inc/MODBUS_FUN.h:438:9:Rx_fun	16	static
../Core/Src/main.c:61:5:_write	32	static
../Core/Src/main.c:80:6:HAL_UARTEx_RxEventCallback	16	static
../Core/Src/main.c:120:5:main	8	static
../Core/Src/main.c:197:6:SystemClock_Config	96	static
../Core/Src/main.c:247:13:MX_USART2_UART_Init	8	static
../Core/Src/main.c:282:13:MX_GPIO_Init	40	static
../Core/Src/main.c:314:6:Error_Handler	4	static,ignoring_inline_asm
