../Core/Src/modbus.c:110:6:set_slave_ID	16	static
../Core/Src/modbus.c:119:15:get_slave_ID	4	static
../Core/Src/modbus.c:130:15:Get_coil_status	16	static
../Core/Src/modbus.c:142:6:Set_coil_status	16	static
../Core/Src/modbus.c:156:14:Get_holding_register	16	static
../Core/Src/modbus.c:169:6:Set_holding_register	16	static
../Core/Src/modbus.c:184:15:MODBUS_FARME_PROCESS	24	static
../Core/Src/modbus.c:284:22:SLAVE_Read_Coil_Status_Operation	56	static
../Core/Src/modbus.c:412:22:SLAVE_Read_Holding_Registers_Operation	56	static
../Core/Src/modbus.c:502:22:SLAVE_Force_Single_Coil_Operation	24	static
../Core/Src/modbus.c:539:22:SLAVE_Preset_Single_Register_Operation	24	static
../Core/Src/modbus.c:582:15:SLAVE_Read_Exception_Status_Operation	16	static
../Core/Src/modbus.c:602:15:SLAVE_Fetch_Comm_Event_Counter_Operation	16	static
../Core/Src/modbus.c:617:15:SLAVE_Fetch_Comm_Event_Log_Operation	16	static
../Core/Src/modbus.c:632:22:SLAVE_Force_Multiple_Coils_Operation	40	static
../Core/Src/modbus.c:690:22:SLAVE_Preset_Multiple_Register_Operation	32	static
../Core/Src/modbus.c:730:15:SLAVE_Report_Slave_ID_Operation	16	static
../Core/Src/modbus.c:744:15:SLAVE_Read_General_Reference_Operation	16	static
../Core/Src/modbus.c:758:15:SLAVE_Write_General_Reference_Operation	16	static
../Core/Src/modbus.c:772:15:SLAVE_Mask_Write_4X_Register_Operation	16	static
../Core/Src/modbus.c:786:15:SLAVE_Read_Write_4X_Registers_Operation	16	static
../Core/Src/modbus.c:800:15:SLAVE_Read_FIFO_Queue_Operation	16	static
../Core/Src/modbus.c:814:15:Modbus_Exception	16	static
